HI-TECH Software 8051-C Compiler V9.60

Linker command line:

--edf=C:\PROGRA~2\HI-TEC~1\HC51\lite\9.60\dat\en_msgs.txt \
  -h+Z:\project1.sym -z -Q8051AH -ol.obj -MZ:\project1.map -E1 \
  -ver=8051-C#V9.60 -ACODE=00h-0FFFh -pvectors=00h \
  -prbit=0/20h,rbss,rdata/CODE,irdata/CODE,idata/rbss -pbss=XDATA/idata \
  -pdata=CODE+100h -pconst=CODE+100h -pstrings=CODE+100h -pnvram=bss,heap \
  C:\Users\class\AppData\Local\Temp\sd0k.obj Z:\main_0.obj \
  C:\PROGRA~2\HI-TEC~1\HC51\lite\9.60\lib\51--nsc.lib 

Object code version is 3.8

Machine type is 8051AH

Call graph:

*start1 size 0,0 offset 0
*    _main size 0,86 offset 0

		Name          Link     Load   Length Selector Space Scale
C:\Users\class\AppData\Local\Temp\sd0k.obj
		vectors          0        0        3       0     0
		text            9C       9C       14       0     0
Z:\main_0.obj   data           100      100       54     100     0
		text             3        3       58       0     0

C:\PROGRA~2\HI-TEC~1\HC51\lite\9.60\lib\51--nsc.lib
powerup.obj     text            B0       B0        3       0     0
str_cops.obj    text            5B       5B       41       0     0

COMMON          rbss            20       20       56      20     1

TOTAL		Name          Link     Load   Length
	CLASS	CODE     
		vectors          0        0        3
		data           100      100       54
		text            9C       9C       14
		text             3        3       58
		text            B0       B0        3
		text            5B       5B       41

	CLASS	DATA     
		rbss            20       20       56

	CLASS	XDATA    

	CLASS	BITSEG   



SEGMENTS	Name		Load	Length	 Top	Selector    Space Class

		vectors         000000	0000B3	0000B3	       0       0  CODE    
		rbit            000020	000056	000076	      20       1  BITSEG  
		data            000100	000054	000154	     100       0  CODE    


UNUSED ADDRESS RANGES

	CODE             0B3-0FF
	                 154-FFF

                                  Symbol Table

?a_main        rbss    020  __Bbss         bss     076
__Bidata       idata   076  __Birdata      irdata  003
__Brbit        rbit    020  __Brdata       rdata   003
__Hbss         bss     076  __Hcode        code    076
__Hconst       const   100  __Hdata        data    154
__Hheap        heap    076  __Hidata       idata   076
__Hirdata      irdata  076  __Hnvram       nvram   076
__Hrbit        rbit    000  __Hrbss        rbss    076
__Hrdata       rdata   076  __Hstrings     strings 100
__Htext        text    076  __Hvectors     vectors 003
__Lbss         bss     076  __Lcode        code    076
__Lconst       const   100  __Ldata        data    100
__Lheap        heap    076  __Lidata       idata   076
__Lirdata      irdata  076  __Lnvram       nvram   076
__Lrbit        rbit    000  __Lrbss        rbss    020
__Lrdata       rdata   076  __Lstrings     strings 100
__Ltext        text    076  __Lvectors     vectors 000
__S0           (abs)   154  _exit          text    0AD
_main          text    003  intlevel0      (abs)   000
intlevel1      (abs)   000  powerup        text    0B0
small_model    (abs)   001  stack_internal (abs)   001
start          vectors 000  start1         text    09C
str_copy       text    071  str_load       text    071
str_xcopy      text    05B  strx_copy      text    071
strx_load      text    071  strx_xcopy     text    05B
