

HI-TECH Software 8051 Macro Assembler V9.60                                Page 1
                                                       Fri May 19 13:10:44 2023

     1                           	psect	idata,class=DATA,space=1,limit=080h
     2                           	psect	irdata,class=DATA,limit=080h
     3                           	global	_main
     4                           	signat	_main,88
     5                           	global	stack_internal
     6                           	psect	text,class=CODE
     7                           	psect	text
     8                           	file	"C:\Users\idgaf\Desktop\keyboard\prak5\pro
                                 ject1\main.c"
     9                           	line	3
    10  00109                     _main:
    11  00109  02 020C            	j	f1411
    12  0010C                     f1410:
    13                           ;main.c: 3: void main(){
    14                           
    15                           	psect	data,class=CODE
    16                           	psect	data
    17  00100                     F157:
    18  00100  31                 	db	(49)
    19  00101  32                 	db	(50)
    20  00102  33                 	db	(51)
    21  00103  34                 	db	(52)
    22  00104  35                 	db	(53)
    23  00105  36                 	db	(54)
    24  00106  37                 	db	(55)
    25  00107  38                 	db	(56)
    26  00108  39                 	db	(57)
    27                           ;	var   _symbol assigned to ?a_main+0
    28                           ;main.c: 4: char symbol[3][3] = {
    29                           
    30                           ;main.c: 5: {'1', '2', '3'},
    31                           
    32                           ;main.c: 6: {'4', '5', '6'},
    33                           
    34                           ;main.c: 7: {'7', '8', '9'}
    35                           
    36                           ;main.c: 8: };
    37                           
    38                           	psect	text
    39                           	line	8
    40  0010C  78 01              	mov	r0,#high (F157)
    41  0010E  79 00              	mov	r1,#low (F157)
    42  00110  7A 00              	mov	r2,#high (?a_main+0)
    43  00112  7B 20              	mov	r3,#low (?a_main+0)
    44  00114  7D 09              	mov	r5,#low 9
    45  00116  7C 00              	mov	r4,#high 9
    46                           	global	str_copy
    47  00118  12 0019            	lcall	str_copy
    48                           ;main.c: 10: P0 = 0x38;
    49                           
    50                           	line	10
    51  0011B  75 80 38           	mov	080h,#56
    52                           ;main.c: 11: P2 = 0x1;
    53                           
    54                           	line	11
    55  0011E  75 A0 01           	mov	0A0h,#1
    56                           ;main.c: 12: P2 = 0x0;
    57                           
    58                           	line	12
    59  00121  75 A0 00           	mov	0A0h,#0
    60                           ;main.c: 13: P0 = 0x80;
    61                           
    62                           	line	13
    63  00124  75 80 80           	mov	080h,#128
    64                           ;main.c: 14: P2 = 0x1;
    65                           
    66                           	line	14
    67  00127  75 A0 01           	mov	0A0h,#1
    68                           ;main.c: 15: P2 = 0x0;
    69                           
    70                           	line	15
    71  0012A  75 A0 00           	mov	0A0h,#0
    72                           ;main.c: 17: while(1) {
    73                           
    74                           	line	17
    75  0012D                     l5:
    76                           ;main.c: 18: P30 = 0;
    77                           
    78                           	line	18
    79  0012D  C2 B0              	clr	p3.0
    80                           ;main.c: 19: if(P10 == 0){ P0 = symbol[0][0]; P2
                                  = 0x3; P2 = 0x2;P0 = 0x01;P2 = 0x0;}
    81                           
    82                           	line	19
    83  0012F  20 90 02           	bb	p1.0, u11
    84  00132  80 02              	jmp	u10
    85  00134                     u11:
    86  00134  80 10              	jmp	l7
    87  00136                     u10:
    88  00136  79 20              	mov	r1,#?a_main+0
    89  00138  87 80              	mov	080h,@r1
    90  0013A  75 A0 03           	mov	0A0h,#3
    91  0013D  75 A0 02           	mov	0A0h,#2
    92  00140  75 80 01           	mov	080h,#1
    93  00143  75 A0 00           	mov	0A0h,#0
    94  00146                     l7:
    95                           ;main.c: 20: if(P11 == 0){ P0 = symbol[0][1]; P2
                                  = 0x3; P2 = 0x2;P0 = 0x01;P2 = 0x0;}
    96                           
    97                           	line	20
    98  00146  20 91 02           	bb	p1.1, u21
    99  00149  80 02              	jmp	u20
   100  0014B                     u21:
   101  0014B  80 10              	jmp	l8
   102  0014D                     u20:
   103  0014D  79 21              	mov	r1,#?a_main+0+01h
   104  0014F  87 80              	mov	080h,@r1
   105  00151  75 A0 03           	mov	0A0h,#3
   106  00154  75 A0 02           	mov	0A0h,#2
   107  00157  75 80 01           	mov	080h,#1
   108  0015A  75 A0 00           	mov	0A0h,#0
   109  0015D                     l8:
   110                           ;main.c: 21: if(P12 == 0){ P0 = symbol[0][2]; P2
                                  = 0x3; P2 = 0x2;P0 = 0x01;P2 = 0x0;}
   111                           
   112                           	line	21
   113  0015D  20 92 02           	bb	p1.2, u31
   114  00160  80 02              	jmp	u30
   115  00162                     u31:
   116  00162  80 10              	jmp	l9
   117  00164                     u30:
   118  00164  79 22              	mov	r1,#?a_main+0+02h
   119  00166  87 80              	mov	080h,@r1
   120  00168  75 A0 03           	mov	0A0h,#3
   121  0016B  75 A0 02           	mov	0A0h,#2
   122  0016E  75 80 01           	mov	080h,#1
   123  00171  75 A0 00           	mov	0A0h,#0
   124  00174                     l9:
   125                           ;main.c: 22: P30 = 1;
   126                           
   127                           	line	22
   128  00174  D2 B0              	setb	p3.0
   129                           ;main.c: 24: P31 = 0;
   130                           
   131                           	line	24
   132  00176  C2 B1              	clr	p3.1
   133                           ;main.c: 25: if(P10 == 0){ P0 = symbol[1][0]; P2
                                  = 0x3; P2 = 0x2;P0 = 0x01;P2 = 0x0;}
   134                           
   135                           	line	25
   136  00178  20 90 02           	bb	p1.0, u41
   137  0017B  80 02              	jmp	u40
   138  0017D                     u41:
   139  0017D  80 10              	jmp	l10
   140  0017F                     u40:
   141  0017F  79 23              	mov	r1,#?a_main+0+03h
   142  00181  87 80              	mov	080h,@r1
   143  00183  75 A0 03           	mov	0A0h,#3
   144  00186  75 A0 02           	mov	0A0h,#2
   145  00189  75 80 01           	mov	080h,#1
   146  0018C  75 A0 00           	mov	0A0h,#0
   147  0018F                     l10:
   148                           ;main.c: 26: if(P11 == 0){ P0 = symbol[1][1]; P2
                                  = 0x3; P2 = 0x2;P0 = 0x01;P2 = 0x0;}
   149                           
   150                           	line	26
   151  0018F  20 91 02           	bb	p1.1, u51
   152  00192  80 02              	jmp	u50
   153  00194                     u51:
   154  00194  80 10              	jmp	l11
   155  00196                     u50:
   156  00196  79 24              	mov	r1,#?a_main+0+04h
   157  00198  87 80              	mov	080h,@r1
   158  0019A  75 A0 03           	mov	0A0h,#3
   159  0019D  75 A0 02           	mov	0A0h,#2
   160  001A0  75 80 01           	mov	080h,#1
   161  001A3  75 A0 00           	mov	0A0h,#0
   162  001A6                     l11:
   163                           ;main.c: 27: if(P12 == 0){ P0 = symbol[1][2]; P2
                                  = 0x3; P2 = 0x2;P0 = 0x01;P2 = 0x0;}
   164                           
   165                           	line	27
   166  001A6  20 92 02           	bb	p1.2, u61
   167  001A9  80 02              	jmp	u60
   168  001AB                     u61:
   169  001AB  80 10              	jmp	l12
   170  001AD                     u60:
   171  001AD  79 25              	mov	r1,#?a_main+0+05h
   172  001AF  87 80              	mov	080h,@r1
   173  001B1  75 A0 03           	mov	0A0h,#3
   174  001B4  75 A0 02           	mov	0A0h,#2
   175  001B7  75 80 01           	mov	080h,#1
   176  001BA  75 A0 00           	mov	0A0h,#0
   177  001BD                     l12:
   178                           ;main.c: 28: P31 = 1;
   179                           
   180                           	line	28
   181  001BD  D2 B1              	setb	p3.1
   182                           ;main.c: 30: P32 = 0;
   183                           
   184                           	line	30
   185  001BF  C2 B2              	clr	p3.2
   186                           ;main.c: 31: if(P10 == 0){ P0 = symbol[2][0]; P2
                                  = 0x3; P2 = 0x2;P0 = 0x01;P2 = 0x0;}
   187                           
   188                           	line	31
   189  001C1  20 90 02           	bb	p1.0, u71
   190  001C4  80 02              	jmp	u70
   191  001C6                     u71:
   192  001C6  80 10              	jmp	l13
   193  001C8                     u70:
   194  001C8  79 26              	mov	r1,#?a_main+0+06h
   195  001CA  87 80              	mov	080h,@r1
   196  001CC  75 A0 03           	mov	0A0h,#3
   197  001CF  75 A0 02           	mov	0A0h,#2
   198  001D2  75 80 01           	mov	080h,#1
   199  001D5  75 A0 00           	mov	0A0h,#0
   200  001D8                     l13:
   201                           ;main.c: 32: if(P11 == 0){ P0 = symbol[2][1]; P2
                                  = 0x3; P2 = 0x2;P0 = 0x01;P2 = 0x0;}
   202                           
   203                           	line	32
   204  001D8  20 91 02           	bb	p1.1, u81
   205  001DB  80 02              	jmp	u80
   206+ 001DD                     u81:
   207+ 001DD  80 10              	jmp	l14
   208  001DF                     u80:
   209  001DF  79 27              	mov	r1,#?a_main+0+07h
   210  001E1  87 80              	mov	080h,@r1
   211  001E3  75 A0 03           	mov	0A0h,#3
   212  001E6  75 A0 02           	mov	0A0h,#2
   213  001E9  75 80 01           	mov	080h,#1
   214  001EC  75 A0 00           	mov	0A0h,#0
   215  001EF                     l14:
   216                           ;main.c: 33: if(P12 == 0){ P0 = symbol[2][2]; P2
                                  = 0x3; P2 = 0x2;P0 = 0x01;P2 = 0x0;}
   217                           
   218                           	line	33
   219  001EF  20 92 02           	bb	p1.2, u91
   220  001F2  80 02              	jmp	u90
   221  001F4                     u91:
   222  001F4  80 10              	jmp	l15
   223  001F6                     u90:
   224  001F6  79 28              	mov	r1,#?a_main+0+08h
   225  001F8  87 80              	mov	080h,@r1
   226  001FA  75 A0 03           	mov	0A0h,#3
   227  001FD  75 A0 02           	mov	0A0h,#2
   228  00200  75 80 01           	mov	080h,#1
   229  00203  75 A0 00           	mov	0A0h,#0
   230  00206                     l15:
   231                           ;main.c: 34: P32 = 1;
   232                           
   233                           	line	34
   234  00206  D2 B2              	setb	p3.2
   235                           	line	36
   236  00208                     l4:
   237                           	line	17
   238  00208  02 012D            	jmp	l5
   239  0020B                     l6:
   240                           ;main.c: 36: }
   241                           
   242                           ;main.c: 37: }
   243                           
   244                           	line	37
   245  0020B                     l3:
   246  0020B  22                 	ret
   247  0020C                     f1411:
   248  0020C  02 010C            	j	f1410
   249                           	FNSIZE	_main,9,0
   250                           	global	?a_main
   251  0000                     f1412	equ	0
   252  0000                     _A10	equ	162
   253  0000                     _A11	equ	163
   254  0000                     _A12	equ	164
   255  0000                     _A13	equ	165
   256  0000                     _A14	equ	166
   257  0000                     _A15	equ	167
   258  0000                     _A8	equ	160
   259  0000                     _A9	equ	161
   260  0000                     _AC	equ	214
   261  0000                     _ACC0	equ	224
   262  0000                     _ACC1	equ	225
   263  0000                     _ACC2	equ	226
   264  0000                     _ACC3	equ	227
   265  0000                     _ACC4	equ	228
   266  0000                     _ACC5	equ	229
   267  0000                     _ACC6	equ	230
   268  0000                     _ACC7	equ	231
   269  0000                     _AD0	equ	128
   270  0000                     _AD1	equ	129
   271  0000                     _AD2	equ	130
   272  0000                     _AD3	equ	131
   273  0000                     _AD4	equ	132
   274  0000                     _AD5	equ	133
   275  0000                     _AD6	equ	134
   276  0000                     _AD7	equ	135
   277  0000                     _B0	equ	240
   278  0000                     _B1	equ	241
   279  0000                     _B2	equ	242
   280  0000                     _B3	equ	243
   281  0000                     _B4	equ	244
   282  0000                     _B5	equ	245
   283  0000                     _B6	equ	246
   284  0000                     _B7	equ	247
   285  0000                     _CY	equ	215
   286  0000                     _EA	equ	175
   287  0000                     _ES	equ	172
   288  0000                     _ET0	equ	169
   289  0000                     _ET1	equ	171
   290  0000                     _EX0	equ	168
   291  0000                     _EX1	equ	170
   292  0000                     _F0	equ	213
   293  0000                     _IE0	equ	137
   294  0000                     _IE1	equ	139
   295  0000                     _INT0	equ	178
   296  0000                     _INT1	equ	179
   297  0000                     _IT0	equ	136
   298  0000                     _IT1	equ	138
   299  0000                     _OV	equ	210
   300  0000                     _P	equ	208
   301  0000                     _P00	equ	128
   302  0000                     _P01	equ	129
   303  0000                     _P02	equ	130
   304  0000                     _P03	equ	131
   305  0000                     _P04	equ	132
   306  0000                     _P05	equ	133
   307  0000                     _P06	equ	134
   308  0000                     _P07	equ	135
   309  0000                     _P10	equ	144
   310  0000                     _P11	equ	145
   311  0000                     _P12	equ	146
   312  0000                     _P13	equ	147
   313  0000                     _P14	equ	148
   314  0000                     _P15	equ	149
   315  0000                     _P16	equ	150
   316  0000                     _P17	equ	151
   317  0000                     _P20	equ	160
   318  0000                     _P21	equ	161
   319  0000                     _P22	equ	162
   320  0000                     _P23	equ	163
   321  0000                     _P24	equ	164
   322  0000                     _P25	equ	165
   323  0000                     _P26	equ	166
   324  0000                     _P27	equ	167
   325  0000                     _P30	equ	176
   326  0000                     _P31	equ	177
   327  0000                     _P32	equ	178
   328  0000                     _P33	equ	179
   329  0000                     _P34	equ	180
   330  0000                     _P35	equ	181
   331  0000                     _P36	equ	182
   332  0000                     _P37	equ	183
   333  0000                     _PS	equ	188
   334  0000                     _PT0	equ	185
   335  0000                     _PT1	equ	187
   336  0000                     _PX0	equ	184
   337  0000                     _PX1	equ	186
   338  0000                     _RB8	equ	154
   339  0000                     _RD	equ	183
   340  0000                     _REN	equ	156
   341  0000                     _RI	equ	152
   342  0000                     _RS0	equ	211
   343  0000                     _RS1	equ	212
   344  0000                     _RXD	equ	176
   345  0000                     _SM0	equ	159
   346  0000                     _SM1	equ	158
   347  0000                     _SM2	equ	157
   348  0000                     _T0	equ	180
   349  0000                     _T1	equ	181
   350  0000                     _TB8	equ	155
   351  0000                     _TF0	equ	141
   352  0000                     _TF1	equ	143
   353  0000                     _TI	equ	153
   354  0000                     _TR0	equ	140
   355  0000                     _TR1	equ	142
   356  0000                     _TXD	equ	177
   357  0000                     _WR	equ	182
   358  0000                     _ACC	equ	224
   359  0000                     _B	equ	240
   360  0000                     _DPH	equ	131
   361  0000                     _DPL	equ	130
   362  0000                     _IE	equ	168
   363  0000                     _IP	equ	184
   364  0000                     _P0	equ	128
   365  0000                     _P1	equ	144
   366  0000                     _P2	equ	160
   367  0000                     _P3	equ	176
   368  0000                     _PCON	equ	135
   369  0000                     _PSW	equ	208
   370  0000                     _SBUF	equ	153
   371  0000                     _SCON	equ	152
   372  0000                     _SP	equ	129
   373  0000                     _TCON	equ	136
   374  0000                     _TH0	equ	140
   375  0000                     _TH1	equ	141
   376  0000                     _TL0	equ	138
   377  0000                     _TL1	equ	139
   378  0000                     _TMOD	equ	137
   379  0000                     _ACC_BITS	equ	224
   380  0000                     _B_BITS	equ	240
   381  0000                     _IE_BITS	equ	168
   382  0000                     _IP_BITS	equ	184
   383  0000                     _P0_BITS	equ	128
   384  0000                     _P1_BITS	equ	144
   385  0000                     _P2_BITS	equ	160
   386  0000                     _P3_BITS	equ	176
   387  0000                     _PCON_BITS	equ	135
   388  0000                     _PSW_BITS	equ	208
   389  0000                     _SCON_BITS	equ	152
   390  0000                     _TCON_BITS	equ	136
   391  0000                     _TMOD_BITS	equ	137


HI-TECH Software 8051 Macro Assembler V9.60                                Page 2
Symbol Table                                           Fri May 19 13:10:44 2023

       ?a_main 00020              _B 000F0              l3 0020B  
            l4 00208              l5 0012D              _P 000D0  
            l6 0020B              l7 00146              l8 0015D  
            l9 00174             _B0 000F0             _B1 000F1  
           _B2 000F2             _B3 000F3             _B4 000F4  
           _B5 000F5             _B6 000F6             _A8 000A0  
           _B7 000F7             _A9 000A1             _F0 000D5  
           _AC 000D6             l10 0018F             l11 001A6  
           l12 001BD             l13 001D8             l14 001EF  
           _EA 000AF             l15 00206             _P0 00080  
           _P1 00090             _P2 000A0             _P3 000B0  
           _IE 000A8             _T0 000B4             _T1 000B5  
           _ES 000AC             _CY 000D7             _IP 000B8  
           _RD 000B7             u10 00136             u11 00134  
           u20 0014D             _RI 00098             u21 0014B  
           u30 00164             u31 00162             u40 0017F  
           _TI 00099             u41 0017D             u50 00196  
           _PS 000BC             u51 00194             _OV 000D2  
           u60 001AD             u61 001AB             _SP 00081  
           u70 001C8             u71 001C6             u80 001DF  
           u81 001DD             u90 001F6             u91 001F4  
           _WR 000B6         _B_BITS 000F0            F157 00100  
          _A10 000A2            _A11 000A3            _A12 000A4  
          _A13 000A5            _A14 000A6            _A15 000A7  
          _AD0 00080            _AD1 00081            _AD2 00082  
          _AD3 00083            _AD4 00084            _AD5 00085  
          _AD6 00086            _AD7 00087            _ACC 000E0  
          _P00 00080            _P01 00081            _P10 00090  
          _P02 00082            _P11 00091            _P03 00083  
          _P20 000A0            _P12 00092            _P04 00084  
          _P21 000A1            _P13 00093            _P05 00085  
          _P30 000B0            _P22 000A2            _P14 00094  
          _P06 00086            _P31 000B1            _P23 000A3  
          _P15 00095            _P07 00087            _P32 000B2  
          _P24 000A4            _P16 00096            _P33 000B3  
          _P25 000A5            _P17 00097            _P34 000B4  
          _P26 000A6            _P35 000B5            _P27 000A7  
          _P36 000B6            _P37 000B7            _IE0 00089  
          _IE1 0008B            _ET0 000A9            _ET1 000AB  
          _EX0 000A8            _EX1 000AA            _DPH 00083  
          _DPL 00082            _IT0 00088            _IT1 0008A  
          _RB8 0009A            _TF0 0008D            _TB8 0009B  
          _TF1 0008F            _TH0 0008C            _TH1 0008D  
          _SM0 0009F            _SM1 0009E            _TL0 0008A  
          _SM2 0009D            _PT0 000B9            _TL1 0008B  
          _PT1 000BB            _RS0 000D3            _RS1 000D4  
          _REN 0009C            _PX0 000B8            _PX1 000BA  
          _TR0 0008C            _TR1 0008E            _RXD 000B0  
          _PSW 000D0            _TXD 000B1        _P0_BITS 00080  
      _P1_BITS 00090        _P2_BITS 000A0        _P3_BITS 000B0  
      _IE_BITS 000A8       _ACC_BITS 000E0        _IP_BITS 000B8  
         f1410 0010C           f1411 0020C           f1412 00000  
         _ACC0 000E0           _ACC1 000E1           _ACC2 000E2  
         _ACC3 000E3           _ACC4 000E4           _ACC5 000E5  
         _ACC6 000E6           _ACC7 000E7  stack_internal 00001  
         _INT0 000B2           _INT1 000B3           _PCON 00087  
         _SCON 00098           _SBUF 00099           _TCON 00088  
         _TMOD 00089           _main 00109       _PSW_BITS 000D0  
    _PCON_BITS 00087      _SCON_BITS 00098      _TCON_BITS 00088  
      str_copy 00019      _TMOD_BITS 00089  
